== my-driver-test starting (pid=18360) ==
[PASS] S1_driver_open                           handshake ok
[PASS] S2_proc_modules_hidden                   not listed
[PASS] S2_sys_module_hidden                     not listed
[PASS] S2_vmallocinfo_hidden                    no matching entry
[PASS] S3_hwbp_caps                             brps=6 wrps=4 ring=32 fp_ready=1
[PASS] S4_X_len4                                ok=1 expected=1
[PASS] S4_X_len8_should_reject                  ok=0 expected=0
[PASS] S4_R_len4                                ok=1 expected=1
[PASS] S4_W_len1                                ok=1 expected=1
[PASS] S4_RW_len4                               ok=1 expected=1
[PASS] S4_R_passthru_should_reject              ok=0 expected=0
[BEGIN] S5_bypass_pid
[PASS] S5_bypass_pid                            baseline=2 bypassed=1 (Δ=1)
[BEGIN] S6_sample
[PASS] S6_sample                                baseline=6 every=3 gated=2 (expected ≲3)
[BEGIN] S7_conditional
[PASS] S7_conditional                           baseline=3 gated=1 (only X0==42 leaked through)
[BEGIN] S8_notify
[PASS] S8_notify                                signal 42 received si_int=243
[BEGIN] S9_fp_capture
[PASS] S9_fp_capture                            Q0 captured lo=cafef00ddeadbeef hi=0123456789abcdef
[BEGIN] S10_translate_bait
[PASS] S10_translate_bait                       in=0x650623ab78x out=0x6506224b78x
[BEGIN] S11_timing
[PASS] S11_timing                               per-call ns: base=3.4 hwbp=1013.4 timing_bypass=601.6 (ratio 294.78x vs 174.97x)
[BEGIN] S12_file_hide
[PASS] S12_file_hide                            marker vanished from readdir
[BEGIN] S13_pid_hide
[PASS] S13_pid_hide                             pid 18362 vanished from /proc
[BEGIN] S14_fd_scoped
[PASS] S14_fd_scoped                            release() reaped alt's tracker; third fd installs cleanly
[BEGIN] S15_fd_owner
[PASS] S15_fd_owner                             alt.clearAll dropped only alt; primary intact and removable
[BEGIN] S16_bait_key
[PASS] S16_bait_key                             BAIT_GUARD accepted, tracker key unchanged
[BEGIN] S17_wp_oneshot
[PASS] S17_wp_oneshot                           watchpoint fired (1 hits) and auto-disabled
[BEGIN] S18_hits_legacy
[PASS] S18_hits_legacy                          legacy 0x43 returned EPROTO as designed
[BEGIN] S19_bait_deprecated
[PASS] S19_bait_deprecated                      BAIT_GUARD dropped; flags_supported=0xe

== summary: 26 PASS, 0 FAIL, 0 SKIP ==
